// Jest Snapshot v1, https://goo.gl/fbAQLP

exports[`ErrorOverlay it renders correctly 1`] = `
<View
  style={
    Array [
      Object {
        "bottom": 0,
        "left": 0,
        "position": "absolute",
        "right": 0,
        "top": 0,
      },
      Object {
        "alignItems": "center",
        "justifyContent": "center",
      },
      5,
      Object {
        "paddingBottom": 17,
      },
      Object {
        "backgroundColor": "rgba(0,0,0,0.5)",
      },
    ]
  }
>
  <Subheading
    style={
      Array [
        Object {
          "color": "#FFF",
        },
        Object {
          "padding": 17,
        },
        Object {
          "textAlign": "center",
        },
      ]
    }
  >
    [missing "en.there_was_an_error" translation]
  </Subheading>
  <withTheme(Button)
    labelStyle={
      Object {
        "color": "#2B45AC",
      }
    }
    mode="contained"
    theme={
      Object {
        "animation": Object {
          "scale": 1,
        },
        "colors": Object {
          "accent": "#2B45AC",
          "backdrop": "rgba(0, 0, 0, 0.5)",
          "background": "#EDEDED",
          "bgBackground": Object {
            "backgroundColor": "#EDEDED",
          },
          "bgBlack": Object {
            "backgroundColor": "#000",
          },
          "bgBlackOpacity": Object {
            "backgroundColor": "rgba(0,0,0,0.5)",
          },
          "bgDanger": Object {
            "backgroundColor": "#FF4D4D",
          },
          "bgLightGray": Object {
            "backgroundColor": "#E5E5E5",
          },
          "bgPrimary": Object {
            "backgroundColor": "#FFF",
          },
          "bgPrimaryOpacity": Object {
            "backgroundColor": "rgba(255,255,255,0.5)",
          },
          "bgSecondary": Object {
            "backgroundColor": "#2B45AC",
          },
          "bgWhite": Object {
            "backgroundColor": "#FFF",
          },
          "black": "#000",
          "blackOpacity": "rgba(0,0,0,0.5)",
          "colorDanger": Object {
            "color": "#FF4D4D",
          },
          "colorMediumGray": Object {
            "color": "#A1A1A1",
          },
          "colorPrimary": Object {
            "color": "#FFF",
          },
          "colorPrimaryOpacity": Object {
            "color": "rgba(255,255,255,0.5)",
          },
          "colorSecondary": Object {
            "color": "#2B45AC",
          },
          "colorWhite": Object {
            "color": "#FFF",
          },
          "danger": "#FF4D4D",
          "disabled": "rgba(0, 0, 0, 0.26)",
          "error": "#B00020",
          "lightGray": "#E5E5E5",
          "mediumGray": "#A1A1A1",
          "notification": "#f50057",
          "onBackground": "#000000",
          "onSurface": "#000000",
          "placeholder": "rgba(0, 0, 0, 0.54)",
          "primary": "#FFF",
          "primaryOpacity": "rgba(255,255,255,0.5)",
          "secondary": "#2B45AC",
          "surface": "#ffffff",
          "text": "#000000",
          "white": "#FFF",
        },
        "dark": false,
        "fonts": Object {
          "light": Object {
            "fontFamily": "System",
            "fontWeight": "300",
          },
          "medium": Object {
            "fontFamily": "System",
            "fontWeight": "500",
          },
          "regular": Object {
            "fontFamily": "System",
            "fontWeight": "400",
          },
          "thin": Object {
            "fontFamily": "System",
            "fontWeight": "100",
          },
        },
        "roundness": 2,
      }
    }
  >
    [missing "en.retry" translation]
  </withTheme(Button)>
</View>
`;

exports[`ErrorOverlay it renders correctly when showOverlay is FALSE 1`] = `""`;
