// Jest Snapshot v1, https://goo.gl/fbAQLP

exports[`TrafficTicket it renders correctly 1`] = `
<withTheme(Card)
  style={
    Array [
      Object {
        "marginHorizontal": 17,
      },
      Object {
        "marginBottom": 17,
      },
    ]
  }
>
  <Card.Content>
    <View
      style={
        Array [
          Object {
            "flex": 1,
          },
          Object {
            "justifyContent": "space-between",
          },
          Object {
            "flexDirection": "row",
          },
        ]
      }
    >
      <Caption>
        [missing "en.folio" translation]: 1234567
      </Caption>
      <Caption>
        2020-01-01
      </Caption>
    </View>
    <View
      style={
        Object {
          "marginTop": 11.22,
        }
      }
    >
      <Paragraph
        style={
          Object {
            "color": "#2B45AC",
          }
        }
      >
        [missing "en.description" translation]
      </Paragraph>
      <Paragraph>
        This a cause
      </Paragraph>
    </View>
    <View
      style={
        Object {
          "marginTop": 11.22,
        }
      }
    >
      <Paragraph
        style={
          Object {
            "color": "#2B45AC",
          }
        }
      >
        [missing "en.fine" translation]
      </Paragraph>
      <Paragraph>
        $2020 MXN
      </Paragraph>
    </View>
  </Card.Content>
  <Card.Actions
    style={
      Object {
        "justifyContent": "flex-end",
      }
    }
  >
    <withTheme(Button)
      color="#2B45AC"
      onPress={[Function]}
    >
      [missing "en.pay" translation]
    </withTheme(Button)>
  </Card.Actions>
</withTheme(Card)>
`;
